// Jest Snapshot v1, https://goo.gl/fbAQLP

exports[`test in <TodoListItem/> should show component 1`] = `
<li
  className="list-group-item"
>
  <p
    className="false"
    onClick={[Function]}
  >
    1
     . 
    Aprender pruebas en react
  </p>
  <button
    className="btn btn-danger"
    onClick={[Function]}
  >
    Borrar
  </button>
</li>
`;
